row groups per source: {'fineweb_edu': 15, 'stack_sql': 16, 'stackexchange': 9, 'gretel_sql': 19}
counted 955 MB of text in 26s: 2,587,243 distinct chunks, 1,207,284 with count >= 2
merge 500/32500
merge 1000/32500
merge 1500/32500
merge 2000/32500
merge 2500/32500
merge 3000/32500
merge 3500/32500
merge 4000/32500
merge 4500/32500
merge 5000/32500
merge 5500/32500
merge 6000/32500
merge 6500/32500
merge 7000/32500
merge 7500/32500
merge 8000/32500
merge 8500/32500
merge 9000/32500
merge 9500/32500
merge 10000/32500
merge 10500/32500
merge 11000/32500
merge 11500/32500
merge 12000/32500
merge 12500/32500
merge 13000/32500
merge 13500/32500
merge 14000/32500
merge 14500/32500
merge 15000/32500
merge 15500/32500
merge 16000/32500
merge 16500/32500
merge 17000/32500
merge 17500/32500
merge 18000/32500
merge 18500/32500
merge 19000/32500
merge 19500/32500
merge 20000/32500
merge 20500/32500
merge 21000/32500
merge 21500/32500
merge 22000/32500
merge 22500/32500
merge 23000/32500
merge 23500/32500
merge 24000/32500
merge 24500/32500
merge 25000/32500
merge 25500/32500
merge 26000/32500
merge 26500/32500
merge 27000/32500
merge 27500/32500
merge 28000/32500
merge 28500/32500
merge 29000/32500
merge 29500/32500
merge 30000/32500
merge 30500/32500
merge 31000/32500
merge 31500/32500
merge 32000/32500
merge 32500/32500
trained 32,768 tokens (32,500 merges) in 229s
saved tokenizer\tinysql_bpe.json

bytes per token on held-out text (higher = better compression):
  source         aggregate  median doc   (aggregate is dragged down by data-heavy docs)
  fineweb_edu         4.49        4.56
  stack_sql           2.71        3.60
  stackexchange       3.80        4.06
  gretel_sql          4.10        4.10

how SQL pieces tokenize:
  ' SELECT'        -> [' SELECT']
  ' FROM'          -> [' FROM']
  ' WHERE'         -> [' WHERE']
  ' GROUP BY'      -> [' GROUP', ' BY']
  ' ORDER BY'      -> [' ORDER', ' BY']
  ' customer_id'   -> [' customer', '_id']
  'COUNT(*)'       -> ['COUNT', '(*)']
  ' INNER JOIN'    -> [' INNER', ' JOIN']
  ' CREATE TABLE'  -> [' CREATE', ' TABLE']
exit code 0
